▲ Next.js 16.2.6
- Local:         http://localhost:3005
- Network:       http://10.255.255.254:3005
✓ Ready in 149ms
[tr] Admin client created. Querying Supabase...
[tr] Supabase query finished.
Prices: {
  gasoline_price: 1.35,
  diesel_price: 1.25,
  lpg_price: 0.72,
  electric_price: 0.067,
  data_source: 'TheGlobalEconomy.com',
  currency: '₺',
  currency_code: null,
  currency_symbol: '₺'
}
Comparisons: [
  { city: 'Bogazliyan', price: 1.35 },
  { city: 'Gorele', price: 1.35 },
  { city: 'Orhaneli', price: 1.35 }
]
